// Jest Snapshot v1, https://goo.gl/fbAQLP

exports[`DisplayComponent Renders To DOM should display data provided 1`] = `null`;
